
see@Azure:~/.kube$ k describe daemonsets.apps --namespace kube-system cloud-node-manager
Name:           cloud-node-manager
Selector:       k8s-app=cloud-node-manager
Node-Selector:  <none>
Labels:         addonmanager.kubernetes.io/mode=Reconcile
                k8s-app=cloud-node-manager
                kubernetes.io/cluster-service=true
Annotations:    deprecated.daemonset.template.generation: 1
Desired Number of Nodes Scheduled: 2
Current Number of Nodes Scheduled: 2
Number of Nodes Scheduled with Up-to-date Pods: 2
Number of Nodes Scheduled with Available Pods: 2
Number of Nodes Misscheduled: 0
Pods Status:  2 Running / 0 Waiting / 0 Succeeded / 0 Failed
Pod Template:
  Labels:           k8s-app=cloud-node-manager
  Annotations:      cluster-autoscaler.kubernetes.io/daemonset-pod: true
  Service Account:  cloud-node-manager
  Containers:
   cloud-node-manager:
    Image:      mcr.microsoft.com/oss/kubernetes/azure-cloud-node-manager:v1.25.5
    Port:       <none>
    Host Port:  <none>
    Command:
      cloud-node-manager
      --node-name=$(NODE_NAME)
      --wait-routes
    Limits:
      memory:  512Mi
    Requests:
      cpu:     50m
      memory:  50Mi
    Environment:
      NODE_NAME:         (v1:spec.nodeName)
    Mounts:             <none>
  Volumes:              <none>
  Priority Class Name:  system-node-critical
Events:                 <none>



see@Azure:~/.kube$ k get pods --namespace kube-system -l k8s-app=cloud-node-manager
NAME                       READY   STATUS    RESTARTS   AGE
cloud-node-manager-k24f6   1/1     Running   0          100m
cloud-node-manager-vlxbv   1/1     Running   0          100m



=====================


Nginx test.
--------------
see@Azure:~/.kube$ k describe pods nginx
Name:             nginx
Namespace:        default
Priority:         0
Service Account:  default
Node:             aks-agentpool-18899623-vmss000001/10.224.0.4
Start Time:       Mon, 27 Mar 2023 03:43:28 +0000
Labels:           run=nginx
Annotations:      <none>
Status:           Running
IP:               10.244.1.5
IPs:
  IP:  10.244.1.5
Containers:
  nginx:
    Container ID:   containerd://986dfa71052bfea5d6248776c3ab6dc2bc23f896ac1f5d6b4d52acb3833b867a
    Image:          nginx:latest
    Image ID:       docker.io/library/nginx@sha256:f4e3b6489888647ce1834b601c6c06b9f8c03dee6e097e13ed3e28c01ea3ac8c
    Port:           <none>
    Host Port:      <none>
    State:          Running
      Started:      Mon, 27 Mar 2023 03:43:35 +0000
    Ready:          True
    Restart Count:  0
    Environment:    <none>
    Mounts:
      /var/run/secrets/kubernetes.io/serviceaccount from kube-api-access-jn7b8 (ro)
Conditions:
  Type              Status
  Initialized       True 
  Ready             True 
  ContainersReady   True 
  PodScheduled      True 
Volumes:
  kube-api-access-jn7b8:
    Type:                    Projected (a volume that contains injected data from multiple sources)
    TokenExpirationSeconds:  3607
    ConfigMapName:           kube-root-ca.crt
    ConfigMapOptional:       <nil>
    DownwardAPI:             true
QoS Class:                   BestEffort
Node-Selectors:              <none>
Tolerations:                 node.kubernetes.io/not-ready:NoExecute op=Exists for 300s
                             node.kubernetes.io/unreachable:NoExecute op=Exists for 300s
Events:
  Type    Reason     Age   From               Message
  ----    ------     ----  ----               -------
  Normal  Scheduled  48s   default-scheduler  Successfully assigned default/nginx to aks-agentpool-18899623-vmss000001
  Normal  Pulling    48s   kubelet            Pulling image "nginx:latest"
  Normal  Pulled     41s   kubelet            Successfully pulled image "nginx:latest" in 6.252883472s
  Normal  Created    41s   kubelet            Created container nginx
  Normal  Started    41s   kubelet            Started container nginx
see@Azure:~/.kube$ k get pods -l run=nginx 
NAME    READY   STATUS    RESTARTS   AGE
nginx   1/1     Running   0          77s
see@Azure:~/.kube$ k get pods -l run=nginx -o wide
NAME    READY   STATUS    RESTARTS   AGE   IP           NODE                                NOMINATED NODE   READINESS GATES
nginx   1/1     Running   0          81s   10.244.1.5   aks-agentpool-18899623-vmss000001   <none>           <none>


=======================================================================================================================================



Access to one of the node in the AKS cluster. ( with chroot /host )
--------------------------------------------------

see@Azure:~/.kube$ k get nodes -o wide
NAME                                STATUS   ROLES   AGE    VERSION   INTERNAL-IP   EXTERNAL-IP   OS-IMAGE             KERNEL-VERSION      CONTAINER-RUNTIME
aks-agentpool-18899623-vmss000000   Ready    agent   123m   v1.25.5   10.224.0.5    <none>        Ubuntu 22.04.2 LTS   5.15.0-1034-azure   containerd://1.6.18+azure-1
aks-agentpool-18899623-vmss000001   Ready    agent   123m   v1.25.5   10.224.0.4    <none>        Ubuntu 22.04.2 LTS   5.15.0-1034-azure   containerd://1.6.18+azure-1
see@Azure:~/.kube$ k debug node/aks-agentpool-18899623-vmss000001 -it --image=mcr.microsoft.com/dotnet/runtime-deps:5.0
Creating debugging pod node-debugger-aks-agentpool-18899623-vmss000001-zj85l with container debugger on node aks-agentpool-18899623-vmss000001.
If you don't see a command prompt, try pressing enter.
root@aks-agentpool-18899623-vmss000001:/# chroot /host
# owd
/bin/sh: 1: owd: not found
# pwd
/
# hostname
aks-agentpool-18899623-vmss000001
# 

Exit pod and delete the debug pod.
------------------------------------------
see@Azure:~/.kube$ k get pods  --namespace default
NAME                                                    READY   STATUS      RESTARTS   AGE
nginx                                                   1/1     Running     0          62m
node-debugger-aks-agentpool-18899623-vmss000001-w78qw   0/1     Error       0          55m
node-debugger-aks-agentpool-18899623-vmss000001-zj85l   0/1     Completed   0          53m

see@Azure:~/.kube$ k delete pod node-debugger-aks-agentpool-18899623-vmss000001-w78qw 
pod "node-debugger-aks-agentpool-18899623-vmss000001-w78qw" deleted
see@Azure:~/.kube$ k delete pod node-debugger-aks-agentpool-18899623-vmss000001-zj85l 
pod "node-debugger-aks-agentpool-18899623-vmss000001-zj85l" deleted
see@Azure:~/.kube$ 


=======================================


Wrong image pulled.
-----------------------

see@Azure:~/.kube$ k run nginx-aks-non-exist -l app=nginx-non --image nginx:1.99999
pod/nginx-aks-non-exist created
see@Azure:~/.kube$ k get pods
NAME                  READY   STATUS         RESTARTS   AGE
nginx                 1/1     Running        0          96m
nginx-aks             1/1     Running        0          88s
nginx-aks-err         1/1     Running        0          53s
nginx-aks-non-exist   0/1     ErrImagePull   0          5s
see@Azure:~/.kube$ k  get pods 
NAME                  READY   STATUS             RESTARTS   AGE
nginx                 1/1     Running            0          96m
nginx-aks             1/1     Running            0          99s
nginx-aks-err         1/1     Running            0          64s
nginx-aks-non-exist   0/1     ImagePullBackOff   0          16s
see@Azure:~/.kube$ k  get pods  --field-selector=status.phase!=Running
NAME                  READY   STATUS         RESTARTS   AGE
nginx-aks-non-exist   0/1     ErrImagePull   0          31s
see@Azure:~/.kube$ 


